[{"variables":[{"value":"2016-09-10T13:34:32-06:00 Denver","id":"time"},{"value":-289.7799987792969,"id":"measurement"},{"value":1473536072,"id":"epoch"}],"id":"1473536072"},{"variables":[{"value":"2016-09-10T13:35:53-06:00 Denver","id":"time"},{"value":-289.19000244140625,"id":"measurement"},{"value":1473536153,"id":"epoch"}],"id":"1473536153"},{"variables":[{"value":"2016-09-10T13:37:16-06:00 Denver","id":"time"},{"value":-288.1600036621094,"id":"measurement"},{"value":1473536236,"id":"epoch"}],"id":"1473536236"},{"variables":[{"value":"2016-09-10T13:38:38-06:00 Denver","id":"time"},{"value":-288.3299865722656,"id":"measurement"},{"value":1473536318,"id":"epoch"}],"id":"1473536318"},{"variables":[{"value":"2016-09-10T13:39:59-06:00 Denver","id":"time"},{"value":-287.0799865722656,"id":"measurement"},{"value":1473536399,"id":"epoch"}],"id":"1473536399"},{"variables":[{"value":"2016-09-10T13:41:22-06:00 Denver","id":"time"},{"value":-286.4599914550781,"id":"measurement"},{"value":1473536482,"id":"epoch"}],"id":"1473536482"},{"variables":[{"value":"2016-09-10T13:42:43-06:00 Denver","id":"time"},{"value":-285.5299987792969,"id":"measurement"},{"value":1473536563,"id":"epoch"}],"id":"1473536563"},{"variables":[{"value":"2016-09-10T13:44:06-06:00 Denver","id":"time"},{"value":-285.3599853515625,"id":"measurement"},{"value":1473536646,"id":"epoch"}],"id":"1473536646"},{"variables":[{"value":"2016-09-10T13:45:28-06:00 Denver","id":"time"},{"value":-285,"id":"measurement"},{"value":1473536728,"id":"epoch"}],"id":"1473536728"},{"variables":[{"value":"2016-09-10T13:46:53-06:00 Denver","id":"time"},{"value":-284.1400146484375,"id":"measurement"},{"value":1473536813,"id":"epoch"}],"id":"1473536813"},{"variables":[{"value":"2016-09-10T13:48:16-06:00 Denver","id":"time"},{"value":-282.3900146484375,"id":"measurement"},{"value":1473536896,"id":"epoch"}],"id":"1473536896"},{"variables":[{"value":"2016-09-10T13:49:37-06:00 Denver","id":"time"},{"value":-281.80999755859375,"id":"measurement"},{"value":1473536977,"id":"epoch"}],"id":"1473536977"},{"variables":[{"value":"2016-09-10T13:50:58-06:00 Denver","id":"time"},{"value":-282.75,"id":"measurement"},{"value":1473537058,"id":"epoch"}],"id":"1473537058"},{"variables":[{"value":"2016-09-10T13:52:22-06:00 Denver","id":"time"},{"value":-282.94000244140625,"id":"measurement"},{"value":1473537142,"id":"epoch"}],"id":"1473537142"},{"variables":[{"value":"2016-09-10T13:53:45-06:00 Denver","id":"time"},{"value":-282.3900146484375,"id":"measurement"},{"value":1473537225,"id":"epoch"}],"id":"1473537225"},{"variables":[{"value":"2016-09-10T13:55:08-06:00 Denver","id":"time"},{"value":-280.5799865722656,"id":"measurement"},{"value":1473537308,"id":"epoch"}],"id":"1473537308"},{"variables":[{"value":"2016-09-10T13:56:30-06:00 Denver","id":"time"},{"value":-279.6000061035156,"id":"measurement"},{"value":1473537390,"id":"epoch"}],"id":"1473537390"},{"variables":[{"value":"2016-09-10T13:57:52-06:00 Denver","id":"time"},{"value":-278.2699890136719,"id":"measurement"},{"value":1473537472,"id":"epoch"}],"id":"1473537472"},{"variables":[{"value":"2016-09-10T13:59:12-06:00 Denver","id":"time"},{"value":-276.989990234375,"id":"measurement"},{"value":1473537552,"id":"epoch"}],"id":"1473537552"}]