{"record_id_var":"time","variables":[{"display":{"shortlabel":"@1edb6d30-f64869a4","label":"RSF2 Main Meter Power"},"domain":{"interval":{"bounds":[null,null]}},"is_input":false,"var_id":"measurement"},{"display":{"shortlabel":"Time","label":"Time Stamp"},"domain":{"set":{"options":[]}},"is_input":false,"var_id":"time"},{"display":{"shortlabel":"Seconds","label":"POSIX Seconds"},"domain":{"interval":{"bounds":[315558000,null]}},"is_input":false,"var_id":"epoch","units":{"scale":1,"SI":[0,0,1,0,0,0,0,0]}}],"model_id":"@1edb6d30-f64869a4","time_key":"epoch","generation":1474379114,"description":"ADDITIONAL METADATA WILL BE ADDED SOON","label":"RSF2 Main Meter Power","record_count":0,"tags":{"units":"TO BE ADDED SOON"}}