{"status":{"state":"ok","message":"operating normally"},"server_id":"CESDS Haystack","server_type":"record_server","models":["RSF2v0"],"version":1}